Update Q&A 20/12/2020

Update Q&A 25/12/2020

Publish Test 27/12/2020

Update Q&A 30/12/2020

Update Q&A 5/1/2021

Update Q&A 10/1/2021

Update Q&A 15/1/2021

Publish Test 27/12/2020

Update Q&A 5/1/2021
850
1500

Update Q&A 20/12/2020

Update Q&A 25/12/2020

Publish Test 27/12/2020

Update Q&A 30/12/2020

Update Q&A 20/12/2020
850

Update Q&A 25/12/2020

Publish Test 27/12/2020

Update Q&A 30/12/2020

Update Q&A 5/1/2021
850
1500

Update Q&A 10/1/2021

Update Q&A 15/1/2021

