YanE 14/12/2020
5
6
7
8
9

YanZ 1/12/2020
20
21
22
23
24
60
61
62
63
64

YanR 25/12/2020

