RegistrationBlocked
RegistrationBlocked
EventAlreadyExists
EventAlreadyExists
a closed event 1/1/2000
1
2
3
4
5
6
7
8
9

a custom event 1/1/2000
2
3
4
5
6
7
8

an open event 1/1/2000
1
2
3
4
5
6
7
8
9

