YanX 1/1/2020

YanZ 1/1/2020

YanM 30/1/2020

YanR 30/1/2020

YanB 1/2/2020

YanC 1/2/2020

YanA 2/2/2020

YanZ 20/1/2022

