YanA 1/1/2020

YanB 1/1/2020

YanC 1/1/2020

YanR 1/1/2020

YanX 1/1/2020

YanZ 1/1/2020

