1/1/2000
2/1/2000
3/1/2000
InvalidDate
InvalidDate
1/1/1

