RegistrationBlocked
AlreadyRegistered
ev1 1/1/2000
6
7
ev1 1/1/2000
6
7
