Very interesting event 8/1/2021
Very interesting event 8/1/2021
1
3
60
20000
150000
