InvalidDate
InvalidStudent
AlreadyRegistered
event1 1/1/2000
1
2
3
4
5
6
7
8
9
