InvalidDate
closed event 1/1/2000
closed event 1/1/2000
