Performance 1 21/10/2020
Performance 2 21/10/2020
Wednesday Noon 21/10/2020
Wednesday Noon 28/10/2020
Wednesday Noon 5/11/2020
Wednesday Noon 12/11/2020
Wednesday Noon 19/11/2020
Wednesday Noon 26/11/2020
Wednesday Noon 3/12/2020
Wednesday Noon 10/12/2020
Wednesday Noon 17/12/2020
Wednesday Noon 24/12/2020
Wednesday Noon 1/1/2021
Wednesday Noon 8/1/2021
Wednesday Noon 15/1/2021
A long time ago 2/3/80
