AlreadyRegistered
mtm exam 19/2/2021
2
3
4
5
mtm exam 19/2/2021
2
3
4
5
