InvalidStudent
RegistrationBlocked
RegistrationBlocked
RegistrationBlocked
RegistrationBlocked
NotRegistered
NotRegistered
ev1 1/1/2000
6
7
8
