InvalidNumber
InvalidInterval
ev1 1/1/2000
ev1 3/1/2000
ev1 5/1/2000
ev1 7/1/2000
ev1 9/1/2000
ev1 11/1/2000
ev1 13/1/2000
ev1 15/1/2000
ev1 1/1/2000
