InvalidStudent
AlreadyInvited
RegistrationBlocked
AMEEEERCA 1/1/2000
1
2
3
