s
studentfive
s AAA
st
st
st
stu
stu
stud
stud
Aviv Censo r
student
Leonardo da Vinci
student
studentthree
studentfour
studentfive
studentsix
Homer Simpson
student
