11401830, Homer Simpson, 50, 1970, 3
12345678, Leonardo da Vinci, 25, 1995, 3
27804448, Aviv Censo r, 20, 2000, 15
