10000000, stude, 20, 2000, 1
11401830, Homer Simpson, 50, 1970, 3
12345678, Leonardo da Vinci, 25, 1995, 3
20000000, stud, 19, 2001, 2
30000000, stu, 18, 2002, 3
40000000, st, 17, 2003, 2
50000000, s AAA, 16, 2004, 4
