20000000, stud, 19, 2001, 2
40000000, st, 17, 2003, 2
