30000000, stu, 18, 2002, 5
40000000, st, 17, 2003, 100000000
