20000000, student, 120, 1900, 1
50000000, studentfive, 16, 2004, 1
